// Jest Snapshot v1, https://goo.gl/fbAQLP

exports[`Performance: predictive performance audit should compute the predicted values 1`] = `
Object {
  "optimisticEIL": 93,
  "optimisticFCP": 1337,
  "optimisticFMP": 1469,
  "optimisticSI": 605,
  "optimisticTTFCPUI": 3351,
  "optimisticTTI": 3351,
  "pessimisticEIL": 101,
  "pessimisticFCP": 1337,
  "pessimisticFMP": 1613,
  "pessimisticSI": 1661,
  "pessimisticTTFCPUI": 3502,
  "pessimisticTTI": 3502,
  "roughEstimateOfEIL": 78,
  "roughEstimateOfFCP": 1337,
  "roughEstimateOfFMP": 1541,
  "roughEstimateOfSI": 1676,
  "roughEstimateOfTTFCPUI": 3351,
  "roughEstimateOfTTI": 3427,
}
`;
