// Jest Snapshot v1, https://goo.gl/fbAQLP

exports[`Metrics: Lantern TTI should compute predicted value 1`] = `
Object {
  "optimistic": 1362,
  "pessimistic": 1362,
  "timing": 1362,
}
`;

exports[`Metrics: Lantern TTI should compute predicted value on iframes with substantial layout 1`] = `
Object {
  "optimistic": 5050,
  "pessimistic": 5085,
  "timing": 5067,
}
`;
